// Jest Snapshot v1, https://goo.gl/fbAQLP

exports[`Home component tests should render the component correctly 1`] = `<div />`;
